{"logTime": "0616/200528", "correlationVector":"oR5rYjm6++Qv76Y1NsIxtm.1","action":"SyncServerConnectionManagerRequest", "result":"SYNC_SERVER_OK", "context":{"environment":"Prod_eastus2_prod-s01-050-nam-eastus2", "migrationStage":"NotStarted", "server":"akswtt11400003k"}}
{"logTime": "0616/200528", "correlationVector":"oR5rYjm6++Qv76Y1NsIxtm.2","action":"ProcessGetUpdates", "result":"Done", "context":{"dataType":"Encryption Keys", "deleted":"0", "process_failed_to_decrypt":"0", "process_pending_decryption":"0", "process_success":"1", "total":"1"}}
{"logTime": "0616/200528", "correlationVector":"pDy/enqV/v8SgnzJtJ8ukB","action":"SyncServerConnectionManagerRequest", "result":"SYNC_SERVER_OK", "context":{"environment":"", "migrationStage":"", "server":""}}
{"logTime": "0616/200528", "correlationVector":"pDy/enqV/v8SgnzJtJ8ukB.0","action":"EncryptionKeysFetcher.DownloadKeys:", "result":"Success", "context":Key count: 3, Last key timestamp: 2026-03-22T04:23:32Z}
{"logTime": "0616/200528", "correlationVector":"pDy/enqV/v8SgnzJtJ8ukB.1","action":"EncryptionKeysManager::SetEncryptionKeys:", "result":"Success", "context":Key names[3]:[1PMZZ2V5LGWZ9HP40p0I+Bb2V6Pupk2QhDm7rp2oZ45xqYo4wfkplidIoP140dYd3T58gHvC7FN5oqeGCdq6gQ==][Ner0DiaEWJSVzHd5yyzAfGRENS37LpTR9ADpEdbPLX9LwIzzJ66NO/jAbdxoih5WITUrG41WYGfdGxfo3f3LpQ==][cB6GTXOSDBdBt9ueb05dorespb4dZKkKyCXzEfPYZeQSKjnkuo+9DDQXZppGk8s5VIp+/GLsfeTMTWj0uwpt0Q==]}
{"logTime": "0616/200528", "correlationVector":"pDy/enqV/v8SgnzJtJ8ukB.2","action":"EncryptionKeysManager::SetEncryptionKeysWithTimestamps:", "result":"Success", "context":Key timestamps[3]:[2025-03-25T18:28:28Z][2025-09-21T22:20:50Z][2026-03-22T04:23:32Z]}
{"logTime": "0616/200528", "correlationVector":"oR5rYjm6++Qv76Y1NsIxtm","action":"Initial GetUpdates", "result":"", "context":Reason: NEW_CLIENT. cV=oR5rYjm6++Qv76Y1NsIxtm}
{"logTime": "0616/200528", "correlationVector":"oR5rYjm6++Qv76Y1NsIxtm.3","action":"GetUpdates Response", "result":"Success", "context":Received 1 update(s). cV=oR5rYjm6++Qv76Y1NsIxtm.0;server=akswtt11400003k;cloudType=Consumer;environment=Prod_eastus2_prod-s01-050-nam-eastus2;migrationStage=NotStarted}
{"logTime": "0616/200528", "correlationVector":"oKlbrEfqtOGrMdoC94heRI","action":"Initial GetUpdates", "result":"", "context":Reason: NEWLY_SUPPORTED_DATATYPE. cV=oKlbrEfqtOGrMdoC94heRI}
{"logTime": "0616/200528", "correlationVector":"oKlbrEfqtOGrMdoC94heRI.1","action":"SyncServerConnectionManagerRequest", "result":"SYNC_SERVER_OK", "context":{"environment":"Prod_eastus2_prod-s01-050-nam-eastus2", "migrationStage":"NotStarted", "server":"akswtt11400006h"}}
{"logTime": "0616/200528", "correlationVector":"oKlbrEfqtOGrMdoC94heRI.2","action":"ProcessGetUpdates", "result":"Done", "context":{"dataType":"Preferences", "deleted":"1", "process_failed_to_decrypt":"0", "process_pending_decryption":"0", "process_success":"45", "total":"45"}}
{"logTime": "0616/200528", "correlationVector":"oKlbrEfqtOGrMdoC94heRI.3","action":"ProcessGetUpdates", "result":"Done", "context":{"dataType":"Passwords", "deleted":"0", "process_failed_to_decrypt":"0", "process_pending_decryption":"0", "process_success":"2", "total":"2"}}
{"logTime": "0616/200528", "correlationVector":"oKlbrEfqtOGrMdoC94heRI.4","action":"ProcessGetUpdates", "result":"Done", "context":{"dataType":"Device Info", "deleted":"0", "process_failed_to_decrypt":"0", "process_pending_decryption":"0", "process_success":"5", "total":"5"}}
{"logTime": "0616/200528", "correlationVector":"oKlbrEfqtOGrMdoC94heRI.5","action":"GetUpdates Response", "result":"Success", "context":Received 52 update(s). cV=oKlbrEfqtOGrMdoC94heRI.0;server=akswtt11400006h;cloudType=Consumer;environment=Prod_eastus2_prod-s01-050-nam-eastus2;migrationStage=NotStarted}
{"logTime": "0616/200528", "correlationVector":"jnZWgbix1Pj5MjRhDeGCy/","action":"Initial GetUpdates", "result":"", "context":Reason: NEWLY_SUPPORTED_DATATYPE. cV=jnZWgbix1Pj5MjRhDeGCy/}
{"logTime": "0616/200529", "correlationVector":"jnZWgbix1Pj5MjRhDeGCy/.1","action":"SyncServerConnectionManagerRequest", "result":"SYNC_SERVER_OK", "context":{"environment":"Prod_eastus2_prod-s01-050-nam-eastus2", "migrationStage":"NotStarted", "server":"akswtt11400003g"}}
{"logTime": "0616/200529", "correlationVector":"jnZWgbix1Pj5MjRhDeGCy/.2","action":"ProcessGetUpdates", "result":"Done", "context":{"dataType":"Bookmarks", "deleted":"0", "process_failed_to_decrypt":"0", "process_pending_decryption":"0", "process_success":"6", "total":"6"}}
{"logTime": "0616/200529", "correlationVector":"jnZWgbix1Pj5MjRhDeGCy/.3","action":"GetUpdates Response", "result":"Success", "context":Received 6 update(s). cV=jnZWgbix1Pj5MjRhDeGCy/.0;server=akswtt11400003g;cloudType=Consumer;environment=Prod_eastus2_prod-s01-050-nam-eastus2;migrationStage=NotStarted}
{"logTime": "0616/200529", "correlationVector":"km+bA3ni1hbfk1N9Qnfwe1","action":"Initial GetUpdates", "result":"", "context":Reason: NEWLY_SUPPORTED_DATATYPE. cV=km+bA3ni1hbfk1N9Qnfwe1}
{"logTime": "0616/200529", "correlationVector":"km+bA3ni1hbfk1N9Qnfwe1.1","action":"SyncServerConnectionManagerRequest", "result":"SYNC_SERVER_OK", "context":{"environment":"Prod_eastus2_prod-s01-050-nam-eastus2", "migrationStage":"NotStarted", "server":"akswtt11400004e"}}
{"logTime": "0616/200529", "correlationVector":"km+bA3ni1hbfk1N9Qnfwe1.2","action":"ProcessGetUpdates", "result":"Done", "context":{"dataType":"Autofill Profiles", "deleted":"0", "process_failed_to_decrypt":"0", "process_pending_decryption":"0", "process_success":"1", "total":"1"}}
{"logTime": "0616/200529", "correlationVector":"km+bA3ni1hbfk1N9Qnfwe1.3","action":"ProcessGetUpdates", "result":"Done", "context":{"dataType":"Autofill", "deleted":"0", "process_failed_to_decrypt":"0", "process_pending_decryption":"0", "process_success":"5", "total":"5"}}
{"logTime": "0616/200529", "correlationVector":"km+bA3ni1hbfk1N9Qnfwe1.4","action":"ProcessGetUpdates", "result":"Done", "context":{"dataType":"Sessions", "deleted":"22", "process_failed_to_decrypt":"0", "process_pending_decryption":"0", "process_success":"24", "total":"24"}}
{"logTime": "0616/200529", "correlationVector":"km+bA3ni1hbfk1N9Qnfwe1.5","action":"ProcessGetUpdates", "result":"Done", "context":{"dataType":"Edge Hub App Usage", "deleted":"2", "process_failed_to_decrypt":"0", "process_pending_decryption":"0", "process_success":"5", "total":"5"}}
{"logTime": "0616/200529", "correlationVector":"km+bA3ni1hbfk1N9Qnfwe1.6","action":"GetUpdates Response", "result":"Success", "context":Received 35 update(s). cV=km+bA3ni1hbfk1N9Qnfwe1.0;server=akswtt11400004e;cloudType=Consumer;environment=Prod_eastus2_prod-s01-050-nam-eastus2;migrationStage=NotStarted}
{"logTime": "0616/200529", "correlationVector":"mBXc2FvbeJusMhENXwwvB9","action":"Initial GetUpdates", "result":"", "context":Reason: NEWLY_SUPPORTED_DATATYPE. cV=mBXc2FvbeJusMhENXwwvB9}
{"logTime": "0616/200529", "correlationVector":"mBXc2FvbeJusMhENXwwvB9.1","action":"SyncServerConnectionManagerRequest", "result":"SYNC_SERVER_OK", "context":{"environment":"Prod_eastus2_prod-s01-050-nam-eastus2", "migrationStage":"NotStarted", "server":"akswtt11400005r"}}
{"logTime": "0616/200529", "correlationVector":"mBXc2FvbeJusMhENXwwvB9.2","action":"ProcessGetUpdates", "result":"Done", "context":{"dataType":"History", "deleted":"0", "process_failed_to_decrypt":"0", "process_pending_decryption":"0", "process_success":"12", "total":"12"}}
{"logTime": "0616/200529", "correlationVector":"mBXc2FvbeJusMhENXwwvB9.3","action":"GetUpdates Response", "result":"Success", "context":Received 12 update(s). cV=mBXc2FvbeJusMhENXwwvB9.0;server=akswtt11400005r;cloudType=Consumer;environment=Prod_eastus2_prod-s01-050-nam-eastus2;migrationStage=NotStarted}
{"logTime": "0616/200530", "correlationVector":"YKN88v0CooVWNhC/1y1CiV","action":"Normal GetUpdate request", "result":"", "context":cV=YKN88v0CooVWNhC/1y1CiV
Nudged types: Sessions, Device Info, User Consents
Refresh requested types: Bookmarks, Preferences, Passwords, Autofill Profiles, Autofill, Extensions, Sessions, Extension settings, History Delete Directives, Device Info, User Consents, Send Tab To Self, Web Apps, History, Saved Tab Group, WebAuthn Credentials, Edge E Drop, Edge Hub App Usage, Edge Wallet, Edge Workspace, Encryption Keys}
{"logTime": "0616/200530", "correlationVector":"YKN88v0CooVWNhC/1y1CiV.1","action":"SyncServerConnectionManagerRequest", "result":"SYNC_SERVER_OK", "context":{"environment":"Prod_eastus2_prod-s01-050-nam-eastus2", "migrationStage":"NotStarted", "server":"akswtt11400003x"}}
{"logTime": "0616/200530", "correlationVector":"YKN88v0CooVWNhC/1y1CiV.2","action":"GetUpdates Response", "result":"Success", "context":Received 0 update(s). cV=YKN88v0CooVWNhC/1y1CiV.0;server=akswtt11400003x;cloudType=Consumer;environment=Prod_eastus2_prod-s01-050-nam-eastus2;migrationStage=NotStarted}
{"logTime": "0616/200530", "correlationVector":"jHpzhIZ9RdNZgMvKsq3zi5","action":"DoCompareDataConsistency requsted types: ", "result":"Bookmarks, Preferences, Passwords, Extensions, Extension settings, History Delete Directives, Send Tab To Self, Web Apps, History, Saved Tab Group, WebAuthn Credentials, Edge E Drop, Edge Wallet, Edge Workspace, Encryption Keys"}
{"logTime": "0616/200530", "correlationVector":"jHpzhIZ9RdNZgMvKsq3zi5.0","action":"CompareDataConsistency result: ", "result":"Compare result: Encryption Keys is consistent. local entities count is: 1 local entities hash is: WdAA5TlEhbH7avrfijJgbEsY0Wo="}
{"logTime": "0616/200530", "correlationVector":"jHpzhIZ9RdNZgMvKsq3zi5.1","action":"CompareDataConsistency result: ", "result":"Compare result: Bookmarks is consistent. local entities count is: 0 local entities hash is: "}
{"logTime": "0616/200530", "correlationVector":"jHpzhIZ9RdNZgMvKsq3zi5.2","action":"CompareDataConsistency result: ", "result":"Compare result: Preferences is consistent. local entities count is: 44 local entities hash is: vG7eV0WrpywfQggHrZNC7TKOXAk="}
{"logTime": "0616/200530", "correlationVector":"jHpzhIZ9RdNZgMvKsq3zi5.3","action":"CompareDataConsistency result: ", "result":"Compare result: Extensions is consistent. local entities count is: 0 local entities hash is: "}
{"logTime": "0616/200530", "correlationVector":"jHpzhIZ9RdNZgMvKsq3zi5.4","action":"CompareDataConsistency result: ", "result":"Compare result: Extension settings is consistent. local entities count is: 0 local entities hash is: "}
{"logTime": "0616/200530", "correlationVector":"jHpzhIZ9RdNZgMvKsq3zi5.5","action":"CompareDataConsistency result: ", "result":"Compare result: History Delete Directives is consistent. local entities count is: 0 local entities hash is: "}
{"logTime": "0616/200530", "correlationVector":"jHpzhIZ9RdNZgMvKsq3zi5.6","action":"CompareDataConsistency result: ", "result":"Server did not send this Send Tab To Self local entities count is: 0 local entities hash is: "}
{"logTime": "0616/200530", "correlationVector":"jHpzhIZ9RdNZgMvKsq3zi5.7","action":"CompareDataConsistency result: ", "result":"Compare result: Web Apps is consistent. local entities count is: 0 local entities hash is: "}
{"logTime": "0616/200530", "correlationVector":"jHpzhIZ9RdNZgMvKsq3zi5.8","action":"CompareDataConsistency result: ", "result":"Server did not send this History local entities count is: 0 local entities hash is: "}
{"logTime": "0616/200530", "correlationVector":"jHpzhIZ9RdNZgMvKsq3zi5.9","action":"CompareDataConsistency result: ", "result":"Compare result: Saved Tab Group is consistent. local entities count is: 0 local entities hash is: "}
{"logTime": "0616/200530", "correlationVector":"jHpzhIZ9RdNZgMvKsq3zi5.10","action":"CompareDataConsistency result: ", "result":"Server did not send this WebAuthn Credentials local entities count is: 0 local entities hash is: "}
{"logTime": "0616/200530", "correlationVector":"jHpzhIZ9RdNZgMvKsq3zi5.11","action":"CompareDataConsistency result: ", "result":"Compare result: Edge E Drop is consistent. local entities count is: 0 local entities hash is: "}
{"logTime": "0616/200530", "correlationVector":"jHpzhIZ9RdNZgMvKsq3zi5.12","action":"CompareDataConsistency result: ", "result":"Compare result: Edge Wallet is consistent. local entities count is: 0 local entities hash is: "}
{"logTime": "0616/200530", "correlationVector":"jHpzhIZ9RdNZgMvKsq3zi5.13","action":"CompareDataConsistency result: ", "result":"Server did not send this Edge Workspace local entities count is: 0 local entities hash is: "}
{"logTime": "0616/200530", "correlationVector":"jHpzhIZ9RdNZgMvKsq3zi5.14","action":"CompareDataConsistency result: ", "result":"Compare result: Passwords is consistent. local entities count is: 2 local entities hash is: Q3N7tbCnON5FOeCjMhhsSYcnyJ8="}
{"logTime": "0616/200530", "correlationVector":"bX6zfxh9mmyBXDF22diROv","action":"Commit Request", "result":"", "context":Item count: 4
Contributing types: Sessions, Device Info, User Consents}
{"logTime": "0616/200530", "correlationVector":"bX6zfxh9mmyBXDF22diROv.1","action":"SyncServerConnectionManagerRequest", "result":"SYNC_SERVER_OK", "context":{"environment":"Prod_eastus2_prod-s01-050-nam-eastus2", "migrationStage":"NotStarted", "server":"akswtt11400005s"}}
{"logTime": "0616/200530", "correlationVector":"bX6zfxh9mmyBXDF22diROv.2","action":"Commit Response", "result":"Success", "context":Result: Success. cV=bX6zfxh9mmyBXDF22diROv.0;server=akswtt11400005s;cloudType=Consumer;environment=Prod_eastus2_prod-s01-050-nam-eastus2;migrationStage=NotStarted}
{"logTime": "0616/200531", "correlationVector":"","action":"DIAGNOSTIC_REQUEST|v1/diagnosticData/Diagnostic.SendCheckResult()|SUCCESS", "result":""}
{"logTime": "0616/200531", "correlationVector":"GtZESzf+edqf3sjbZF97Sv","action":"Commit Request", "result":"", "context":Item count: 2
Contributing types: Sessions, History}
{"logTime": "0616/200531", "correlationVector":"GtZESzf+edqf3sjbZF97Sv.1","action":"SyncServerConnectionManagerRequest", "result":"SYNC_SERVER_OK", "context":{"environment":"Prod_eastus2_prod-s01-050-nam-eastus2", "migrationStage":"NotStarted", "server":"akswtt114000058"}}
{"logTime": "0616/200531", "correlationVector":"GtZESzf+edqf3sjbZF97Sv.2","action":"Commit Response", "result":"Success", "context":Result: Success. cV=GtZESzf+edqf3sjbZF97Sv.0;server=akswtt114000058;cloudType=Consumer;environment=Prod_eastus2_prod-s01-050-nam-eastus2;migrationStage=NotStarted}
{"logTime": "0616/200624", "correlationVector":"KijglXa5608BUhM/nUtm/v","action":"Commit Request", "result":"", "context":Item count: 4
Contributing types: Passwords, Sessions, History}
{"logTime": "0616/200625", "correlationVector":"KijglXa5608BUhM/nUtm/v.1","action":"SyncServerConnectionManagerRequest", "result":"SYNC_SERVER_OK", "context":{"environment":"Prod_eastus2_prod-s01-050-nam-eastus2", "migrationStage":"NotStarted", "server":"akswtt11400002a"}}
{"logTime": "0616/200625", "correlationVector":"KijglXa5608BUhM/nUtm/v.2","action":"Commit Response", "result":"Success", "context":Result: Success. cV=KijglXa5608BUhM/nUtm/v.0;server=akswtt11400002a;cloudType=Consumer;environment=Prod_eastus2_prod-s01-050-nam-eastus2;migrationStage=NotStarted}
{"logTime": "0616/200908", "correlationVector":"PEFucALCLY0BfIEfJ8N98W","action":"Commit Request", "result":"", "context":Item count: 1
Contributing types: Sessions}
{"logTime": "0616/200909", "correlationVector":"PEFucALCLY0BfIEfJ8N98W.1","action":"SyncServerConnectionManagerRequest", "result":"SYNC_SERVER_OK", "context":{"environment":"Prod_eastus2_prod-s01-050-nam-eastus2", "migrationStage":"NotStarted", "server":"akswtt11400003g"}}
{"logTime": "0616/200909", "correlationVector":"PEFucALCLY0BfIEfJ8N98W.2","action":"Commit Response", "result":"Success", "context":Result: Success. cV=PEFucALCLY0BfIEfJ8N98W.0;server=akswtt11400003g;cloudType=Consumer;environment=Prod_eastus2_prod-s01-050-nam-eastus2;migrationStage=NotStarted}
{"logTime": "0616/222438", "correlationVector":"d82mryLQL3636wJIvUGWLv.1","action":"SyncServerConnectionManagerRequest", "result":"SYNC_SERVER_OK", "context":{"environment":"Prod_brazilsouth_prod-s01-034-sam-brazilsouth", "migrationStage":"NotStarted", "server":"akswtt10100001n"}}
{"logTime": "0616/222438", "correlationVector":"d82mryLQL3636wJIvUGWLv.2","action":"ProcessGetUpdates", "result":"Done", "context":{"dataType":"Encryption Keys", "deleted":"0", "process_failed_to_decrypt":"0", "process_pending_decryption":"0", "process_success":"1", "total":"1"}}
{"logTime": "0616/222438", "correlationVector":"OVmInZn2Wx6j0ODpsevML8","action":"SyncServerConnectionManagerRequest", "result":"SYNC_SERVER_OK", "context":{"environment":"", "migrationStage":"", "server":""}}
{"logTime": "0616/222438", "correlationVector":"OVmInZn2Wx6j0ODpsevML8.0","action":"EncryptionKeysFetcher.DownloadKeys:", "result":"Success", "context":Key count: 3, Last key timestamp: 2026-03-22T04:23:32Z}
{"logTime": "0616/222438", "correlationVector":"OVmInZn2Wx6j0ODpsevML8.1","action":"EncryptionKeysManager::SetEncryptionKeys:", "result":"Success", "context":Key names[3]:[1PMZZ2V5LGWZ9HP40p0I+Bb2V6Pupk2QhDm7rp2oZ45xqYo4wfkplidIoP140dYd3T58gHvC7FN5oqeGCdq6gQ==][Ner0DiaEWJSVzHd5yyzAfGRENS37LpTR9ADpEdbPLX9LwIzzJ66NO/jAbdxoih5WITUrG41WYGfdGxfo3f3LpQ==][cB6GTXOSDBdBt9ueb05dorespb4dZKkKyCXzEfPYZeQSKjnkuo+9DDQXZppGk8s5VIp+/GLsfeTMTWj0uwpt0Q==]}
{"logTime": "0616/222438", "correlationVector":"OVmInZn2Wx6j0ODpsevML8.2","action":"EncryptionKeysManager::SetEncryptionKeysWithTimestamps:", "result":"Success", "context":Key timestamps[3]:[2025-03-25T18:28:28Z][2025-09-21T22:20:50Z][2026-03-22T04:23:32Z]}
{"logTime": "0616/222438", "correlationVector":"d82mryLQL3636wJIvUGWLv","action":"Initial GetUpdates", "result":"", "context":Reason: NEW_CLIENT. cV=d82mryLQL3636wJIvUGWLv}
{"logTime": "0616/222438", "correlationVector":"d82mryLQL3636wJIvUGWLv.3","action":"GetUpdates Response", "result":"Success", "context":Received 1 update(s). cV=d82mryLQL3636wJIvUGWLv.0;server=akswtt10100001n;cloudType=Consumer;environment=Prod_brazilsouth_prod-s01-034-sam-brazilsouth;migrationStage=NotStarted}
{"logTime": "0616/222438", "correlationVector":"W8z5z4rngvCbX2mMkOJhzV","action":"Initial GetUpdates", "result":"", "context":Reason: NEWLY_SUPPORTED_DATATYPE. cV=W8z5z4rngvCbX2mMkOJhzV}
{"logTime": "0616/222438", "correlationVector":"W8z5z4rngvCbX2mMkOJhzV.1","action":"SyncServerConnectionManagerRequest", "result":"SYNC_SERVER_OK", "context":{"environment":"Prod_brazilsouth_prod-s01-034-sam-brazilsouth", "migrationStage":"NotStarted", "server":"akswtt101000018"}}
{"logTime": "0616/222438", "correlationVector":"W8z5z4rngvCbX2mMkOJhzV.2","action":"ProcessGetUpdates", "result":"Done", "context":{"dataType":"Passwords", "deleted":"0", "process_failed_to_decrypt":"0", "process_pending_decryption":"0", "process_success":"2", "total":"2"}}
{"logTime": "0616/222438", "correlationVector":"W8z5z4rngvCbX2mMkOJhzV.3","action":"GetUpdates Response", "result":"Success", "context":Received 2 update(s). cV=W8z5z4rngvCbX2mMkOJhzV.0;server=akswtt101000018;cloudType=Consumer;environment=Prod_brazilsouth_prod-s01-034-sam-brazilsouth;migrationStage=NotStarted}
{"logTime": "0616/222439", "correlationVector":"wDlOXr5cIzLaXVVCYC9Rwa","action":"Normal GetUpdate request", "result":"", "context":cV=wDlOXr5cIzLaXVVCYC9Rwa
Nudged types: Sessions, Device Info, History
Refresh requested types: Bookmarks, Preferences, Passwords, Autofill Profiles, Autofill, Extensions, Sessions, Extension settings, History Delete Directives, Device Info, User Consents, Send Tab To Self, Web Apps, History, Saved Tab Group, WebAuthn Credentials, Edge E Drop, Edge Hub App Usage, Edge Wallet, Edge Workspace, Encryption Keys}
{"logTime": "0616/222439", "correlationVector":"wDlOXr5cIzLaXVVCYC9Rwa.1","action":"SyncServerConnectionManagerRequest", "result":"SYNC_SERVER_OK", "context":{"environment":"Prod_brazilsouth_prod-s01-034-sam-brazilsouth", "migrationStage":"NotStarted", "server":"akswtt101000018"}}
{"logTime": "0616/222439", "correlationVector":"wDlOXr5cIzLaXVVCYC9Rwa.2","action":"ProcessGetUpdates", "result":"Done", "context":{"dataType":"Sessions", "deleted":"1", "process_failed_to_decrypt":"0", "process_pending_decryption":"0", "process_success":"3", "total":"3"}}
{"logTime": "0616/222439", "correlationVector":"wDlOXr5cIzLaXVVCYC9Rwa.3","action":"ProcessGetUpdates", "result":"Done", "context":{"dataType":"Device Info", "deleted":"0", "process_failed_to_decrypt":"0", "process_pending_decryption":"0", "process_success":"1", "total":"1"}}
{"logTime": "0616/222439", "correlationVector":"wDlOXr5cIzLaXVVCYC9Rwa.4","action":"ProcessGetUpdates", "result":"Done", "context":{"dataType":"History", "deleted":"0", "process_failed_to_decrypt":"0", "process_pending_decryption":"0", "process_success":"3", "total":"3"}}
{"logTime": "0616/222439", "correlationVector":"wDlOXr5cIzLaXVVCYC9Rwa.5","action":"GetUpdates Response", "result":"Success", "context":Received 7 update(s). cV=wDlOXr5cIzLaXVVCYC9Rwa.0;server=akswtt101000018;cloudType=Consumer;environment=Prod_brazilsouth_prod-s01-034-sam-brazilsouth;migrationStage=NotStarted}
{"logTime": "0616/222540", "correlationVector":"J3EGb4LmFa+2IAOhWjNzTr","action":"Commit Request", "result":"", "context":Item count: 3
Contributing types: Sessions, History}
{"logTime": "0616/222540", "correlationVector":"J3EGb4LmFa+2IAOhWjNzTr.1","action":"SyncServerConnectionManagerRequest", "result":"SYNC_SERVER_OK", "context":{"environment":"Prod_brazilsouth_prod-s01-034-sam-brazilsouth", "migrationStage":"NotStarted", "server":"akswtt10100000v"}}
{"logTime": "0616/222540", "correlationVector":"J3EGb4LmFa+2IAOhWjNzTr.2","action":"Commit Response", "result":"Success", "context":Result: Success. cV=J3EGb4LmFa+2IAOhWjNzTr.0;server=akswtt10100000v;cloudType=Consumer;environment=Prod_brazilsouth_prod-s01-034-sam-brazilsouth;migrationStage=NotStarted}
